12:43:19 | REX | Welcome veer. REX is online. Say REX to wake me.
12:43:33 | USER | rex
12:43:33 | REX | Yes sir. I am listening.
12:43:49 | USER | type
12:43:49 | REX | Command not recognized
12:43:54 | USER | fig
12:43:54 | REX | Command not recognized
12:44:00 | USER | open nordberg
12:44:00 | REX | Command not recognized
12:44:04 | USER | group
12:44:04 | REX | Command not recognized
12:44:09 | USER | come on roses
12:44:09 | REX | Command not recognized
12:44:14 | USER | but he said
12:44:14 | REX | Command not recognized
12:44:24 | USER | you could play with the moment
12:44:24 | REX | Command not recognized
12:44:31 | USER | think the open chrome
12:44:31 | REX | Opening Chrome
12:44:41 | USER | state
12:44:41 | REX | Command not recognized
12:44:47 | USER | and i understand
12:44:47 | REX | Command not recognized
12:44:52 | USER | close group
12:44:52 | REX | I don't know that application
12:45:01 | USER | shit
12:45:01 | REX | Command not recognized
12:45:08 | USER | the
12:45:08 | REX | Command not recognized
12:45:13 | USER | the
12:45:13 | REX | Command not recognized
12:45:21 | USER | maybe interesting
12:45:21 | REX | Command not recognized
12:45:30 | USER | open logs
12:45:30 | REX | Which day logs do you want? Say today, yesterday, or a date like 2025 dash 09 dash 17
12:45:40 | REX | Opening logs
12:47:02 | USER | using years
12:47:02 | REX | Command not recognized
12:47:08 | USER | exit
12:47:08 | REX | Goodbye veer
13:03:36 | REX | Welcome veer. REX is online. Say REX to wake me.
13:03:47 | USER | rex
13:03:47 | REX | Yes sir. I am listening.
13:04:06 | USER | nothing
13:04:06 | REX | Command not recognized
13:04:11 | USER | open open loves
13:04:11 | REX | Command not recognized
13:04:17 | USER | exit
13:04:17 | REX | Goodbye veer
16:05:52 | REX | Welcome veer. Say REX to wake me.
16:06:00 | REX | Yes sir. I am listening.
16:06:07 | USER | thanks
16:06:07 | REX | Command not recognized
16:06:13 | USER | sure looks
16:06:13 | REX | Command not recognized
16:06:22 | USER | sure logs
16:06:22 | REX | Command not recognized
16:06:33 | USER | hope logs
16:06:33 | REX | Command not recognized
16:06:37 | USER | oh to logs
16:06:37 | REX | Command not recognized
16:06:49 | USER | go put logs
16:06:49 | REX | Command not recognized
16:06:59 | USER | or put lots
16:06:59 | REX | Command not recognized
16:07:11 | USER | the
16:07:11 | REX | Command not recognized
16:07:45 | USER | it
16:07:45 | REX | Command not recognized
16:07:51 | USER | cooper logs
16:07:51 | REX | Command not recognized
16:07:55 | USER | hoax
16:07:55 | REX | Command not recognized
16:08:06 | USER | exit
16:08:06 | REX | Shutting down
16:12:00 | REX | Welcome veer. Say REX to wake me.
16:12:45 | REX | Yes sir. I am listening.
16:14:14 | USER | who put it looks
16:14:14 | REX | Command not recognized
